.\..\..\apache-maven-3.9.9\bin\mvn : WARNING: A restricted method in 
java.lang.System has been called
At line:1 char:70
+ ... i-service"; .\..\..\apache-maven-3.9.9\bin\mvn -Dtest=PushNotificatio ...
+                 ~~~~~~~~~~~~~~~~~~~~~~~~~~~~~~~~~~~~~~~~~~~~~~~~~~~~~~~~~
    + CategoryInfo          : NotSpecified: (WARNING: A rest...has been called 
   :String) [], RemoteException
    + FullyQualifiedErrorId : NativeCommandError
 
WARNING: java.lang.System::load has been called by 
org.fusesource.jansi.internal.JansiLoader in an unnamed module (file:/F:/The%20
Pravara/clients/sporekart/sporekart/apache-maven-3.9.9/lib/jansi-2.4.1.jar)
WARNING: Use --enable-native-access=ALL-UNNAMED to avoid a warning for callers 
in this module
WARNING: Restricted methods will be blocked in a future release unless native 
access is enabled

WARNING: A terminally deprecated method in sun.misc.Unsafe has been called
WARNING: sun.misc.Unsafe::objectFieldOffset has been called by 
com.google.common.util.concurrent.AbstractFuture$UnsafeAtomicHelper (file:/F:/T
he%20Pravara/clients/sporekart/sporekart/apache-maven-3.9.9/lib/guava-33.2.1-jr
e.jar)
WARNING: Please consider reporting this to the maintainers of class 
com.google.common.util.concurrent.AbstractFuture$UnsafeAtomicHelper
WARNING: sun.misc.Unsafe::objectFieldOffset will be removed in a future release
[INFO] Scanning for projects...
[INFO] 
[INFO] ----------------------< com.sporekart:ai-service >----------------------
[INFO] Building SporeKart AI Service 0.1.0-SNAPSHOT
[INFO]   from pom.xml
[INFO] --------------------------------[ jar ]---------------------------------
[INFO] 
[INFO] --- resources:3.3.1:resources (default-resources) @ ai-service ---
[INFO] Copying 1 resource from src\main\resources to target\classes
[INFO] Copying 6 resources from src\main\resources to target\classes
[INFO] 
[INFO] --- compiler:3.13.0:compile (default-compile) @ ai-service ---
[INFO] Recompiling the module because of changed source code.
[INFO] Compiling 163 source files with javac [debug parameters release 21] to target\classes
[INFO] 
[INFO] --- resources:3.3.1:testResources (default-testResources) @ ai-service ---
[INFO] skip non existing resourceDirectory F:\The Pravara\clients\sporekart\sporekart\services\ai-service\src\test\resources
[INFO] 
[INFO] --- compiler:3.13.0:testCompile (default-testCompile) @ ai-service ---
[INFO] Recompiling the module because of changed dependency.
[INFO] Compiling 8 source files with javac [debug parameters release 21] to target\test-classes
[INFO] 
[INFO] --- surefire:3.2.5:test (default-test) @ ai-service ---
[INFO] Using auto detected provider org.apache.maven.surefire.junitplatform.JUnitPlatformProvider
[INFO] 
[INFO] -------------------------------------------------------
[INFO]  T E S T S
[INFO] -------------------------------------------------------
[INFO] Running com.sporekart.ai.application.service.PushNotificationServiceTest
WARNING: A Java agent has been loaded dynamically (C:\Users\admin\.m2\repositor
y\net\bytebuddy\byte-buddy-agent\1.14.19\byte-buddy-agent-1.14.19.jar)
WARNING: If a serviceability tool is in use, please run with 
-XX:+EnableDynamicAgentLoading to hide this warning
WARNING: If a serviceability tool is not in use, please run with 
-Djdk.instrument.traceUsage for more information
WARNING: Dynamic loading of agents will be disallowed by default in a future 
release
Java HotSpot(TM) 64-Bit Server VM warning: Sharing is only supported for boot 
loader classes because bootstrap classpath has been appended
WARNING: A terminally deprecated method in sun.misc.Unsafe has been called
WARNING: sun.misc.Unsafe::objectFieldOffset has been called by net.bytebuddy.dy
namic.loading.ClassInjector$UsingUnsafe$Dispatcher$CreationAction (file:/C:/Use
rs/admin/.m2/repository/net/bytebuddy/byte-buddy/1.14.19/byte-buddy-1.14.19.jar
)
WARNING: Please consider reporting this to the maintainers of class net.bytebud
dy.dynamic.loading.ClassInjector$UsingUnsafe$Dispatcher$CreationAction
WARNING: sun.misc.Unsafe::objectFieldOffset will be removed in a future release
09:57:28.017 [main] INFO com.sporekart.ai.application.service.PushNotificationService -- Dispatching FCM notification to device bd92a9c7-0cd7-4414-84ae-256dcee6e3ca with token token123: {notificationId=c354f897-4d7a-4e45-a561-4f83d3561c04, userId=7de5f112-c86b-4bb4-866f-c26ae5b6ccc9, title=Order Shipped, actionUrl=/orders/123, type=ORDER, sentAt=2026-07-11T09:57:28.014001900+05:30, deviceId=bd92a9c7-0cd7-4414-84ae-256dcee6e3ca, body=Your order is on the way}
[ERROR] Tests run: 4, Failures: 0, Errors: 3, Skipped: 0, Time elapsed: 1.466 s <<< FAILURE! -- in com.sporekart.ai.application.service.PushNotificationServiceTest
[ERROR] com.sporekart.ai.application.service.PushNotificationServiceTest.shouldGetDeliveryMetrics -- Time elapsed: 1.361 s <<< ERROR!
org.mockito.exceptions.misusing.UnnecessaryStubbingException: 

Unnecessary stubbings detected.
Clean & maintainable test code requires zero unnecessary code.
Following stubbings are unnecessary (click to navigate to relevant line of code):
  1. -> at com.sporekart.ai.application.service.PushNotificationServiceTest.setUp(PushNotificationServiceTest.java:49)
  2. -> at com.sporekart.ai.application.service.PushNotificationServiceTest.setUp(PushNotificationServiceTest.java:50)
Please remove unnecessary stubbings or use 'lenient' strictness. More info: javadoc for UnnecessaryStubbingException class.
	at org.mockito.junit.jupiter.MockitoExtension.afterEach(MockitoExtension.java:197)
	at java.base/java.util.ArrayList.forEach(ArrayList.java:1604)
	at java.base/java.util.ArrayList.forEach(ArrayList.java:1604)

[ERROR] com.sporekart.ai.application.service.PushNotificationServiceTest.shouldSendTopicNotification -- Time elapsed: 0.031 s <<< ERROR!
org.mockito.exceptions.misusing.UnnecessaryStubbingException: 

Unnecessary stubbings detected.
Clean & maintainable test code requires zero unnecessary code.
Following stubbings are unnecessary (click to navigate to relevant line of code):
  1. -> at com.sporekart.ai.application.service.PushNotificationServiceTest.setUp(PushNotificationServiceTest.java:49)
  2. -> at com.sporekart.ai.application.service.PushNotificationServiceTest.setUp(PushNotificationServiceTest.java:50)
Please remove unnecessary stubbings or use 'lenient' strictness. More info: javadoc for UnnecessaryStubbingException class.
	at org.mockito.junit.jupiter.MockitoExtension.afterEach(MockitoExtension.java:197)
	at java.base/java.util.ArrayList.forEach(ArrayList.java:1604)
	at java.base/java.util.ArrayList.forEach(ArrayList.java:1604)

[ERROR] com.sporekart.ai.application.service.PushNotificationServiceTest.shouldHandleNotificationOpen -- Time elapsed: 0.011 s <<< ERROR!
org.mockito.exceptions.misusing.UnnecessaryStubbingException: 

Unnecessary stubbings detected.
Clean & maintainable test code requires zero unnecessary code.
Following stubbings are unnecessary (click to navigate to relevant line of code):
  1. -> at com.sporekart.ai.application.service.PushNotificationServiceTest.setUp(PushNotificationServiceTest.java:49)
  2. -> at com.sporekart.ai.application.service.PushNotificationServiceTest.setUp(PushNotificationServiceTest.java:50)
Please remove unnecessary stubbings or use 'lenient' strictness. More info: javadoc for UnnecessaryStubbingException class.
	at org.mockito.junit.jupiter.MockitoExtension.afterEach(MockitoExtension.java:197)
	at java.base/java.util.ArrayList.forEach(ArrayList.java:1604)
	at java.base/java.util.ArrayList.forEach(ArrayList.java:1604)

[INFO] 
[INFO] Results:
[INFO] 
[ERROR] Errors: 
[ERROR]   PushNotificationServiceTest.shouldGetDeliveryMetrics ╗ UnnecessaryStubbing 
Unnecessary stubbings detected.
Clean & maintainable test code requires zero unnecessary code.
Following stubbings are unnecessary (click to navigate to relevant line of code):
  1. -> at com.sporekart.ai.application.service.PushNotificationServiceTest.setUp(PushNotificationServiceTest.java:49)
  2. -> at com.sporekart.ai.application.service.PushNotificationServiceTest.setUp(PushNotificationServiceTest.java:50)
Please remove unnecessary stubbings or use 'lenient' strictness. More info: javadoc for UnnecessaryStubbingException class.
[ERROR]   PushNotificationServiceTest.shouldHandleNotificationOpen ╗ UnnecessaryStubbing 
Unnecessary stubbings detected.
Clean & maintainable test code requires zero unnecessary code.
Following stubbings are unnecessary (click to navigate to relevant line of code):
  1. -> at com.sporekart.ai.application.service.PushNotificationServiceTest.setUp(PushNotificationServiceTest.java:49)
  2. -> at com.sporekart.ai.application.service.PushNotificationServiceTest.setUp(PushNotificationServiceTest.java:50)
Please remove unnecessary stubbings or use 'lenient' strictness. More info: javadoc for UnnecessaryStubbingException class.
[ERROR]   PushNotificationServiceTest.shouldSendTopicNotification ╗ UnnecessaryStubbing 
Unnecessary stubbings detected.
Clean & maintainable test code requires zero unnecessary code.
Following stubbings are unnecessary (click to navigate to relevant line of code):
  1. -> at com.sporekart.ai.application.service.PushNotificationServiceTest.setUp(PushNotificationServiceTest.java:49)
  2. -> at com.sporekart.ai.application.service.PushNotificationServiceTest.setUp(PushNotificationServiceTest.java:50)
Please remove unnecessary stubbings or use 'lenient' strictness. More info: javadoc for UnnecessaryStubbingException class.
[INFO] 
[ERROR] Tests run: 4, Failures: 0, Errors: 3, Skipped: 0
[INFO] 
[INFO] ------------------------------------------------------------------------
[INFO] BUILD FAILURE
[INFO] ------------------------------------------------------------------------
[INFO] Total time:  9.725 s
[INFO] Finished at: 2026-07-11T09:57:28+05:30
[INFO] ------------------------------------------------------------------------
[ERROR] Failed to execute goal org.apache.maven.plugins:maven-surefire-plugin:3.2.5:test (default-test) on project ai-service: 
[ERROR] 
[ERROR] Please refer to F:\The Pravara\clients\sporekart\sporekart\services\ai-service\target\surefire-reports for the individual test results.
[ERROR] Please refer to dump files (if any exist) [date].dump, [date]-jvmRun[N].dump and [date].dumpstream.
[ERROR] -> [Help 1]
[ERROR] 
[ERROR] To see the full stack trace of the errors, re-run Maven with the -e switch.
[ERROR] Re-run Maven using the -X switch to enable full debug logging.
[ERROR] 
[ERROR] For more information about the errors and possible solutions, please read the following articles:
[ERROR] [Help 1] http://cwiki.apache.org/confluence/display/MAVEN/MojoFailureException
